// Jest Snapshot v1, https://goo.gl/fbAQLP

exports[`should render diplay workout component correctly 1`] = `
<Connect(DisplayWorkout)
  type="Remove"
  workout={
    Object {
      "id": 1,
      "lifts": Array [
        Object {
          "id": 1,
          "name": "BenchPress",
          "reps": 5,
          "sets": 5,
          "user_id": 1,
          "weight": 20,
        },
        Object {
          "id": 2,
          "name": "Overhead Press",
          "reps": 10,
          "sets": 3,
          "user_id": 1,
          "weight": 10,
        },
      ],
      "name": "push day",
      "user_id": 1,
    }
  }
  workoutIndex={1}
/>
`;
